#vectors.obj
vec_reset 0
hang 40
interruptvectors 0

#hv.obj
handledivisionbyzero 7f
trapstr 108
bootstr ef
startofregisters 272
hvhandlehardwareaccess b0
trapstr2 11d
hvhandlevmresume bd
done eb
codeend ef
handlehvtrap 86
hvhandlespecialregisterread 9b
hvhandlehalt a9
end_reg d0
end 5c
hvhandlesoftwareint 8d
vmtrapstr 165
divbyzerostr 155
hvinvalidopcode 62
hvhandlesegmentviolation 71
printstring c2
hardwareaccessstr 1de
numdigits 21a
hvtraphandler 68
hvdivisionbyzero 65
softwareintstr 174
startup 43
endofstack 491
endofregisters 291
segviolstr 128
hvtimerinterrupt 6e
segementationtable 236
privviolationstr 188
nextchar c5
vmresumestr 1fc
hvhandleinvalidinstruction 78
printinteger d2
specialregisterwritestr 1b4
hvsegmentviolation 5f
startofstack 291
hvhandleprivilegeviolation 94
vmtable 25a
invinstrstr 140
nextnibble d9
startofdata ef
specialregisterreadstr 19d
endofdata 272
hvhandlespecialregisterwrite a2
haltstr 1cc
hvtrapjumptable 22b

#vm1.obj
vm1dataend 4f2
vec_timerinterrupt 49b
vm1codeend 4e7
vm1regsend 511
vec_divisionbyzero 497
vm1datastart 4e7
vmsegviol 4d1
end_reg 4e6
vm1codestart 491
vmstartup 4d4
vm1stackend 711
vminvalid 4d1
vmsayhello 4e7
vm1regsstart 4f2
vmhvtrap 4d1
printstring 4db
vec_hypervisortrap 499
vmdivbyzero 4d1
hang 4d1
vm1stackstart 511
vmtimerint 4d1
vec_invalidopcode 495
vec_reset 491
vec_segmentviolation 493

